policy: reckless_chaotic
seed: 1
max_steps: 10
expect:
  top3_contains:
    - Impulsivity

